Microsoft (R) Macro Assembler Version 14.00.24210.0	    02/13/17 20:47:33
prog1.asm						     Page 1 - 1



				.386
				.model flat,stdcall
				.stack 4096
				ExitProcess proto,dwExitCode:dword
 00000000			.data 
 00000000 0000001E		A DWORD 30
 00000004 00000014		B DWORD 20
 00000008 0000000A		Cee DWORD 10; it threw an error when I used the letter c, so i spelled it out
 0000000C 00000005		D DWORD 5
 00000000			.code
 00000000			main proc
 00000000  A1 00000000 R		mov eax,A
 00000005  8B 1D 00000004 R		mov ebx,B
 0000000B  8B 0D 00000008 R		mov ecx,Cee
 00000011  8B 15 0000000C R		mov edx,D
					
 00000017  03 C3			add eax,ebx
 00000019  03 CA			add ecx,edx
					
 0000001B  2B C1			sub eax,ecx
 0000001D  A3 00000000 R		mov A,eax			

					invoke ExitProcess,0
 00000022  6A 00	   *	    push   +000000000h
 00000024  E8 00000000 E   *	    call   ExitProcess
 00000029			main endp
				end main
Microsoft (R) Macro Assembler Version 14.00.24210.0	    02/13/17 20:47:33
prog1.asm						     Symbols 2 - 1




Segments and Groups:

                N a m e                 Size     Length   Align   Combine Class

FLAT . . . . . . . . . . . . . .	GROUP
STACK  . . . . . . . . . . . . .	32 Bit	 00001000 DWord	  Stack	  'STACK'	 
_DATA  . . . . . . . . . . . . .	32 Bit	 00000010 DWord	  Public  'DATA'	
_TEXT  . . . . . . . . . . . . .	32 Bit	 00000029 DWord	  Public  'CODE'	


Procedures, parameters, and locals:

                N a m e                 Type     Value    Attr

ExitProcess  . . . . . . . . . .	P Near	 00000000 FLAT	Length= 00000000 External STDCALL
main . . . . . . . . . . . . . .	P Near	 00000000 _TEXT	Length= 00000029 Public STDCALL


Symbols:

                N a m e                 Type     Value    Attr

@CodeSize  . . . . . . . . . . .	Number	 00000000h   
@DataSize  . . . . . . . . . . .	Number	 00000000h   
@Interface . . . . . . . . . . .	Number	 00000003h   
@Model . . . . . . . . . . . . .	Number	 00000007h   
@code  . . . . . . . . . . . . .	Text   	 _TEXT
@data  . . . . . . . . . . . . .	Text   	 FLAT
@fardata?  . . . . . . . . . . .	Text   	 FLAT
@fardata . . . . . . . . . . . .	Text   	 FLAT
@stack . . . . . . . . . . . . .	Text   	 FLAT
A  . . . . . . . . . . . . . . .	DWord	 00000000 _DATA	
B  . . . . . . . . . . . . . . .	DWord	 00000004 _DATA	
Cee  . . . . . . . . . . . . . .	DWord	 00000008 _DATA	
D  . . . . . . . . . . . . . . .	DWord	 0000000C _DATA	

	   0 Warnings
	   0 Errors
